// Jest Snapshot v1, https://goo.gl/fbAQLP

exports[`Main app displays the app 1`] = `
<ContextConsumer>
  <Component />
</ContextConsumer>
`;
