// Jest Snapshot v1, https://goo.gl/fbAQLP

exports[`Create Order displays a list of items to edit order 1`] = `
<withRouter(EditOrder)
  ADD_THIS_ITEM_TO_ITEMQUANTITY={[Function]}
  CLEAR_ORDER_UPDATE_PROCESS={[Function]}
  CLONEITEMQUANTITY={Object {}}
  CURRENTORDER={
    Object {
      "_id": 23346,
      "items": Array [],
    }
  }
  CURRENTORDERID={124134234}
  DELETE_THIS_ITEM={[Function]}
  INDECCREMENT_ITEM_COUNT={[Function]}
  ISLOGGEDIN={true}
  ITEMQUANTITY={Object {}}
  ITEMSLIST={Array []}
  SET_THIS_ORDER_AS_CURRENT={[Function]}
  TOTAL={123123.22}
  UPDATE_ITEMS_IN_THIS_ORDER={[Function]}
>
  <Route>
    <EditOrder
      ADD_THIS_ITEM_TO_ITEMQUANTITY={[Function]}
      CLEAR_ORDER_UPDATE_PROCESS={[Function]}
      CLONEITEMQUANTITY={Object {}}
      CURRENTORDER={
        Object {
          "_id": 23346,
          "items": Array [],
        }
      }
      CURRENTORDERID={124134234}
      DELETE_THIS_ITEM={[Function]}
      INDECCREMENT_ITEM_COUNT={[Function]}
      ISLOGGEDIN={true}
      ITEMQUANTITY={Object {}}
      ITEMSLIST={Array []}
      SET_THIS_ORDER_AS_CURRENT={[Function]}
      TOTAL={123123.22}
      UPDATE_ITEMS_IN_THIS_ORDER={[Function]}
      history={
        Object {
          "action": "POP",
          "block": [Function],
          "createHref": [Function],
          "go": [Function],
          "goBack": [Function],
          "goForward": [Function],
          "length": 1,
          "listen": [Function],
          "location": Object {
            "hash": "",
            "pathname": "/",
            "search": "",
            "state": undefined,
          },
          "push": [Function],
          "replace": [Function],
        }
      }
      location={Object {}}
      match={Object {}}
    >
      <div>
        <Beforeunload
          onBeforeunload={[Function]}
        />
        <div
          className="card"
          style={
            Object {
              "margin": "25px",
              "paddingBottom": "50px",
            }
          }
        >
          <div
            className="card-body"
          >
            <h5
              className="card-title"
              style={
                Object {
                  "margin": "0.5em 1em",
                }
              }
            >
              Editing Order 
              124134234
            </h5>
          </div>
        </div>
        <nav
          className="navbar navbar-light bg-light"
          style={
            Object {
              "bottom": "0",
              "overflow": "hidden",
              "paddingRight": "25px",
              "position": "fixed",
              "width": "100%",
              "zIndex": 99,
            }
          }
        >
          <div
            className="card-body button-section"
            style={
              Object {
                "paddingTop": "0px",
              }
            }
          >
            <div
              className="row"
            >
              <div
                className="col-4 d-flex justify-content-start d-inline"
              >
                <div
                  className="input-group-prepend"
                  style={
                    Object {
                      "marginLeft": "10px",
                    }
                  }
                >
                  <span
                    className="input-group-text"
                    style={
                      Object {
                        "borderBottomRightRadius": "0px",
                        "borderTopRightRadius": "0px",
                      }
                    }
                  >
                    <strong>
                      Total
                    </strong>
                  </span>
                  <span
                    className="input-group-text"
                    style={
                      Object {
                        "borderBottomLeftRadius": "0px",
                        "borderTopLeftRadius": "0px",
                      }
                    }
                  >
                    Rs. 
                    123123.22
                  </span>
                </div>
              </div>
              <div
                className="col-8 d-flex justify-content-end"
              >
                <button
                  className="btn btn-primary"
                  onClick={[Function]}
                  style={
                    Object {
                      "marginRight": "10px",
                    }
                  }
                >
                  <i
                    className="fas fa-pen"
                  />
                   Update Order
                </button>
                <button
                  className="btn btn-danger"
                  onClick={[Function]}
                >
                  <i
                    className="fas fa-times-circle"
                  />
                   Cancel
                </button>
              </div>
            </div>
          </div>
        </nav>
      </div>
    </EditOrder>
  </Route>
</withRouter(EditOrder)>
`;

exports[`Create Order redirects to login page if not logged in 1`] = `
<Route>
  <Component />
</Route>
`;
