// Jest Snapshot v1, https://goo.gl/fbAQLP

exports[`List Item In Order displays a list of items to edit order 1`] = `
<ListItemInOrderDetailView
  singleItem={
    Object {
      "price": 34.33,
    }
  }
>
  <li
    className="list-group-item d-flex justify-content-right"
    style={
      Object {
        "margin": "0px",
        "padding": "0px",
        "width": "100%",
      }
    }
  >
    <div
      className="row"
      style={
        Object {
          "margin": "0px",
          "width": "100%",
        }
      }
    >
      <div
        className="col-9 card"
      >
        <div
          className="card-body"
          style={
            Object {
              "padding": "5px 0px",
            }
          }
        >
          <h6
            className="card-title d-flex justify-content-right"
          />
          <p
            className="card-subtitle text-muted d-flex justify-content-right"
          />
        </div>
      </div>
      <div
        className="col-1 card"
        style={
          Object {
            "padding": "0px",
            "textAlign": "center",
          }
        }
      >
        <div
          className="card-body d-flex align-items-center"
        >
          <b />
          Â Nos
        </div>
      </div>
      <div
        className="col-2 card text-right"
      >
        <p
          className="card-text"
          style={
            Object {
              "margin": "5px 0 0 0",
            }
          }
        >
          @ 
          34.33
        </p>
        <p
          className="card-link"
          style={
            Object {
              "margin": "0px",
            }
          }
        >
          <b>
            Rs. 
            NaN
          </b>
        </p>
      </div>
    </div>
  </li>
</ListItemInOrderDetailView>
`;
