// Jest Snapshot v1, https://goo.gl/fbAQLP

exports[`<ItemCounterInListItem /> component renders with correct value 1`] = `
<CookiesProvider>
  <Provider
    store={
      Object {
        "clearActions": [Function],
        "dispatch": [Function],
        "getActions": [Function],
        "getState": [Function],
        "replaceReducer": [Function],
        "subscribe": [Function],
      }
    }
  >
    <BrowserRouter>
      <Router
        history={
          Object {
            "action": "POP",
            "block": [Function],
            "createHref": [Function],
            "go": [Function],
            "goBack": [Function],
            "goForward": [Function],
            "length": 1,
            "listen": [Function],
            "location": Object {
              "hash": "",
              "pathname": "/",
              "search": "",
              "state": undefined,
            },
            "push": [Function],
            "replace": [Function],
          }
        }
      >
        <Connect(ItemCounterInListItem)
          max={10}
          min={1}
          name="A"
          quantity={3}
        >
          <ItemCounterInListItem
            currentOrderID="abcdefg111"
            dispatchQuickDeleteThisItemFromQuantity={[Function]}
            dispatchQuickIndecrementItemFromQuantity={[Function]}
            itemsList={
              Array [
                Object {
                  "_id": "a",
                  "price": 1,
                  "productID": "A",
                },
                Object {
                  "_id": "b",
                  "price": 2,
                  "productID": "B",
                },
                Object {
                  "_id": "c",
                  "price": 3,
                  "productID": "C",
                },
              ]
            }
            max={10}
            min={1}
            name="A"
            passKey="abcd"
            quantity={3}
          >
            <div
              aria-label="Toolbar with button groups"
              className="btn-toolbar"
              role="toolbar"
            >
              <div
                aria-label="Item-Group"
                className="btn-group"
                role="group"
              >
                <button
                  className="btn btn-secondary"
                  onClick={[Function]}
                  type="button"
                >
                  +
                </button>
                <div
                  style={
                    Object {
                      "textAlign": "center",
                      "width": "3em",
                    }
                  }
                >
                  <span
                    className="input-group-text"
                    style={
                      Object {
                        "borderRadius": "0px",
                        "display": "inline-block",
                        "height": "100%",
                        "width": "100%",
                      }
                    }
                  />
                </div>
                <button
                  className="btn btn-secondary"
                  onClick={[Function]}
                  type="button"
                >
                  âˆ’
                </button>
              </div>
              <div
                aria-label="Delete-Group"
                className="btn-group"
                role="group"
                style={
                  Object {
                    "marginLeft": "10px",
                  }
                }
              >
                <button
                  className="btn btn-danger"
                  onClick={[Function]}
                  type="button"
                >
                  <i
                    className="fas fa-trash"
                  />
                </button>
              </div>
            </div>
          </ItemCounterInListItem>
        </Connect(ItemCounterInListItem)>
      </Router>
    </BrowserRouter>
  </Provider>
</CookiesProvider>
`;
