// Jest Snapshot v1, https://goo.gl/fbAQLP

exports[`<ListItemInViewOrder /> component renders renders 1`] = `
<Provider
  store={
    Object {
      "clearActions": [Function],
      "dispatch": [Function],
      "getActions": [Function],
      "getState": [Function],
      "replaceReducer": [Function],
      "subscribe": [Function],
    }
  }
>
  <BrowserRouter>
    <Router
      history={
        Object {
          "action": "POP",
          "block": [Function],
          "createHref": [Function],
          "go": [Function],
          "goBack": [Function],
          "goForward": [Function],
          "length": 1,
          "listen": [Function],
          "location": Object {
            "hash": "",
            "pathname": "/",
            "search": "",
            "state": undefined,
          },
          "push": [Function],
          "replace": [Function],
        }
      }
    >
      <Connect(ListItemInViewOrder)
        singleItem={
          Object {
            "description": "A aasasas",
            "price": 25,
            "productID": "A",
            "productTitle": "AAA",
            "quantity": 100,
          }
        }
      >
        <ListItemInViewOrder
          clonedItemQuantity={Object {}}
          currentOrder={Object {}}
          dispatch={[Function]}
          itemQuantity={Object {}}
          itemsList={
            Array [
              Object {
                "productID": "A",
                "quantity": 1,
              },
            ]
          }
          passKey=""
          singleItem={
            Object {
              "description": "A aasasas",
              "price": 25,
              "productID": "A",
              "productTitle": "AAA",
              "quantity": 100,
            }
          }
        >
          <li
            className="list-group-item d-flex justify-content-right"
            style={
              Object {
                "margin": "0px",
                "padding": "0px",
                "width": "100%",
              }
            }
          >
            <div
              className="row"
              style={
                Object {
                  "margin": "0px",
                  "width": "100%",
                }
              }
            >
              <div
                className="col-8 card"
              >
                <div
                  className="card-body"
                  style={
                    Object {
                      "padding": "5px 0px",
                    }
                  }
                >
                  <h6
                    className="card-title d-flex justify-content-right"
                  >
                    AAA
                  </h6>
                  <p
                    className="card-subtitle text-muted"
                    style={
                      Object {
                        "textAlign": "left",
                      }
                    }
                  >
                    A aasasas
                  </p>
                </div>
              </div>
              <div
                className="col-2 card"
              >
                <div
                  className="card-body d-flex align-items-center"
                  style={
                    Object {
                      "padding": "5px 0px",
                    }
                  }
                >
                  <Connect(ItemCounterInListItem)
                    max={0}
                    min={1}
                    name="A"
                  >
                    <ItemCounterInListItem
                      dispatchQuickDeleteThisItemFromQuantity={[Function]}
                      dispatchQuickIndecrementItemFromQuantity={[Function]}
                      itemsList={
                        Array [
                          Object {
                            "productID": "A",
                            "quantity": 1,
                          },
                        ]
                      }
                      max={0}
                      min={1}
                      name="A"
                      passKey=""
                    >
                      <div
                        aria-label="Toolbar with button groups"
                        className="btn-toolbar"
                        role="toolbar"
                      >
                        <div
                          aria-label="Item-Group"
                          className="btn-group"
                          role="group"
                        >
                          <button
                            className="btn btn-secondary"
                            onClick={[Function]}
                            type="button"
                          >
                            +
                          </button>
                          <div
                            style={
                              Object {
                                "textAlign": "center",
                                "width": "3em",
                              }
                            }
                          >
                            <span
                              className="input-group-text"
                              style={
                                Object {
                                  "borderRadius": "0px",
                                  "display": "inline-block",
                                  "height": "100%",
                                  "width": "100%",
                                }
                              }
                            />
                          </div>
                          <button
                            className="btn btn-secondary"
                            onClick={[Function]}
                            type="button"
                          >
                            âˆ’
                          </button>
                        </div>
                        <div
                          aria-label="Delete-Group"
                          className="btn-group"
                          role="group"
                          style={
                            Object {
                              "marginLeft": "10px",
                            }
                          }
                        >
                          <button
                            className="btn btn-danger"
                            onClick={[Function]}
                            type="button"
                          >
                            <i
                              className="fas fa-trash"
                            />
                          </button>
                        </div>
                      </div>
                    </ItemCounterInListItem>
                  </Connect(ItemCounterInListItem)>
                </div>
              </div>
              <div
                className="col-2 card text-right"
              >
                <p
                  className="card-text"
                  style={
                    Object {
                      "margin": "5px 0 0 0",
                    }
                  }
                >
                  @ 
                  25.00
                </p>
                <p
                  className="card-link"
                  style={
                    Object {
                      "margin": "0px",
                    }
                  }
                >
                  <b>
                    Rs. 
                    2500.00
                  </b>
                </p>
              </div>
            </div>
          </li>
        </ListItemInViewOrder>
      </Connect(ListItemInViewOrder)>
    </Router>
  </BrowserRouter>
</Provider>
`;
