// Jest Snapshot v1, https://goo.gl/fbAQLP

exports[`<ListItemInSingleOrder /> component renders renders 1`] = `
<Provider
  store={
    Object {
      "clearActions": [Function],
      "dispatch": [Function],
      "getActions": [Function],
      "getState": [Function],
      "replaceReducer": [Function],
      "subscribe": [Function],
    }
  }
>
  <BrowserRouter>
    <Router
      history={
        Object {
          "action": "POP",
          "block": [Function],
          "createHref": [Function],
          "go": [Function],
          "goBack": [Function],
          "goForward": [Function],
          "length": 1,
          "listen": [Function],
          "location": Object {
            "hash": "",
            "pathname": "/",
            "search": "",
            "state": undefined,
          },
          "push": [Function],
          "replace": [Function],
        }
      }
    >
      <ListItemInSingleOrder
        singleItem={
          Object {
            "description": "A aasasas",
            "price": 25,
            "productID": "A",
            "productTitle": "AAA",
            "quantity": 100,
          }
        }
      >
        <li
          className="list-group-item d-flex justify-content-right"
          style={
            Object {
              "margin": "0px",
              "padding": "0px",
              "width": "100%",
            }
          }
        >
          <div
            className="row"
            style={
              Object {
                "margin": "0px",
                "width": "100%",
              }
            }
          >
            <div
              className="col-10 card"
              style={
                Object {
                  "borderRadius": "0px",
                }
              }
            >
              <div
                className="card-body"
                style={
                  Object {
                    "padding": "5px 0px",
                  }
                }
              >
                <h6
                  className="card-title d-flex justify-content-right"
                >
                  AAA
                </h6>
                <p
                  className="card-subtitle text-muted d-flex justify-content-right"
                  style={
                    Object {
                      "textAlign": "initial",
                    }
                  }
                >
                  A aasasas
                </p>
              </div>
            </div>
            <div
              className="col-2 card text-right"
              style={
                Object {
                  "borderRadius": "0px",
                }
              }
            >
              <p
                className="card-text"
                style={
                  Object {
                    "margin": "5px 0 0 0",
                  }
                }
              >
                100
                 x 
                25.00
              </p>
              <p
                className="card-link"
                style={
                  Object {
                    "margin": "0px",
                  }
                }
              >
                <b>
                  Rs. 
                  2500.00
                </b>
              </p>
            </div>
          </div>
        </li>
      </ListItemInSingleOrder>
    </Router>
  </BrowserRouter>
</Provider>
`;
